apiVersion: batch/v1
kind: CronJob
metadata:
  labels:
    app.kubernetes.io/component: exoscale-metrics-collector
    app.kubernetes.io/managed-by: commodore
    app.kubernetes.io/name: exoscale-metrics-collector
    app.kubernetes.io/part-of: appuio-cloud-reporting
  name: exoscale-metrics-collector
  namespace: appuio-cloud-reporting
spec:
  concurrencyPolicy: Forbid
  failedJobsHistoryLimit: 5
  jobTemplate:
    spec:
      template:
        spec:
          containers:
            - args:
                - exoscale-metrics-collector
              command:
                - sh
                - -c
              env:
                - name: password
                  valueFrom:
                    secretKeyRef:
                      key: password
                      name: reporting-db
                - name: username
                  valueFrom:
                    secretKeyRef:
                      key: username
                      name: reporting-db
                - name: ACR_DB_URL
                  value: postgres://$(username):$(password)@reporting-db.appuio-reporting.svc:5432/reporting?sslmode=disable
                - name: EXOSCALE_API_KEY
                  valueFrom:
                    secretKeyRef:
                      key: api_key
                      name: exoscale
                - name: EXOSCALE_API_SECRET
                  valueFrom:
                    secretKeyRef:
                      key: api_secret
                      name: exoscale
              image: ghcr.io/vshn/exoscale-metrics-collector:v0.0.2
              name: exoscale-metrics-collector-backfill
              resources: {}
          restartPolicy: OnFailure
  schedule: 10 4,10,16 * * *
  successfulJobsHistoryLimit: 3
