apiVersion: v1
data: {}
kind: Secret
metadata:
  annotations: {}
  labels:
    name: exoscale
  name: exoscale
  namespace: appuio-cloud-reporting
stringData:
  api_key: t-silent-test-1234/c-green-test-1234/exoscale-metrics-collector/key
  api_secret: t-silent-test-1234/c-green-test-1234/exoscale-metrics-collector/secret
type: Opaque
