apiVersion: apps/v1
kind: Deployment
metadata:
  annotations: {}
  labels:
    app.kubernetes.io/component: billing-collector-cloudservices
    app.kubernetes.io/managed-by: commodore
    app.kubernetes.io/name: billing-collector-cloudservices
    app.kubernetes.io/part-of: appuio-cloud-reporting
    name: exoscale-objectstorage
  name: exoscale-objectstorage
  namespace: appuio-cloud-reporting
spec:
  minReadySeconds: 30
  replicas: 1
  revisionHistoryLimit: 10
  selector:
    matchLabels:
      app.kubernetes.io/component: billing-collector-cloudservices
      app.kubernetes.io/managed-by: commodore
      app.kubernetes.io/name: billing-collector-cloudservices
      app.kubernetes.io/part-of: appuio-cloud-reporting
      name: exoscale-objectstorage
  strategy:
    rollingUpdate:
      maxSurge: 25%
      maxUnavailable: 25%
    type: RollingUpdate
  template:
    metadata:
      annotations: {}
      labels:
        app.kubernetes.io/component: billing-collector-cloudservices
        app.kubernetes.io/managed-by: commodore
        app.kubernetes.io/name: billing-collector-cloudservices
        app.kubernetes.io/part-of: appuio-cloud-reporting
        name: exoscale-objectstorage
    spec:
      containers:
        - args:
            - exoscale
            - objectstorage
          env: []
          envFrom:
            - configMapRef:
                name: exoscale-objectstorage-env
            - secretRef:
                name: credentials-exoscale-objectstorage
          image: ghcr.io/vshn/billing-collector-cloudservices:change_exporter
          imagePullPolicy: IfNotPresent
          livenessProbe:
            httpGet:
              path: /metrics
              port: 9123
            periodSeconds: 30
          name: exporter
          ports:
            - containerPort: 9123
              name: exporter
          readinessProbe:
            httpGet:
              path: /metrics
              port: 9123
            periodSeconds: 30
          stdin: false
          tty: false
          volumeMounts: []
      imagePullSecrets: []
      initContainers: []
      serviceAccount: exoscale-objectstorage
      terminationGracePeriodSeconds: 30
      volumes: []
