apiVersion: v1
data: {}
kind: Secret
metadata:
  annotations: {}
  labels:
    name: credentials-exoscale-metrics-collector
  name: credentials-exoscale-metrics-collector
  namespace: appuio-cloud-reporting
stringData:
  EXOSCALE_API_KEY: t-silent-test-1234/c-green-test-1234/exoscale-metrics-collector/exoscale-metrics-collector/exoscale-key
  EXOSCALE_API_SECRET: t-silent-test-1234/c-green-test-1234/exoscale-metrics-collector/exoscale-metrics-collector/exoscale-secret
  KUBERNETES_SERVER_TOKEN: t-silent-test-1234/c-green-test-1234/exoscale-metrics-collector/exoscale-metrics-collector/cluster-token
  KUBERNETES_SERVER_URL: t-silent-test-1234/c-green-test-1234/exoscale-metrics-collector/exoscale-metrics-collector/cluster-server
type: Opaque
