apiVersion: v1
data:
  APPUIO_MANAGED_SALES_ORDER: '12345'
  CLUSTER_ID: c-green-test-1234
  COLLECT_INTERVAL: '1'
  ODOO_OAUTH_TOKEN_URL: https://test.central.vshn.ch/api/v2/authentication/oauth2/token
  ODOO_URL: https://test.central.vshn.ch/api/v2/authentication/oauth2/token
  PROM_URL: localhost:9090
  TENANT_ID: c-green-test-1234
kind: ConfigMap
metadata:
  name: exoscale-dbaas-env
  namespace: appuio-cloud-reporting
