apiVersion: v1
kind: ServiceAccount
metadata:
  annotations: {}
  labels:
    name: exoscale-objectstorage
  name: exoscale-objectstorage
  namespace: appuio-cloud-reporting
