apiVersion: rbac.authorization.k8s.io/v1
kind: ClusterRoleBinding
metadata:
  annotations: {}
  labels:
    name: exoscale-objectstorage
  name: exoscale-objectstorage
roleRef:
  apiGroup: rbac.authorization.k8s.io
  kind: ClusterRole
  name: appcat:cloudcollector:exoscale:objectstorage
subjects:
  - kind: ServiceAccount
    name: exoscale-objectstorage
    namespace: appuio-cloud-reporting
