apiVersion: v1
data: {}
kind: Secret
metadata:
  annotations: {}
  labels:
    name: credentials-exoscale-objectstorage
  name: credentials-exoscale-objectstorage
  namespace: appuio-cloud-reporting
stringData:
  EXOSCALE_API_KEY: t-silent-test-1234/c-green-test-1234/billing-collector-cloudservices/exoscale-metrics-collector-managed/exoscale-key
  EXOSCALE_API_SECRET: t-silent-test-1234/c-green-test-1234/billing-collector-cloudservices/exoscale-metrics-collector-managed/exoscale-secret
  ODOO_OAUTH_CLIENT_ID: t-silent-test-1234/c-green-test-1234/billing-collector-cloudservices/exoscale-metrics-collector-managed/odoo-oauth-client-id
  ODOO_OAUTH_CLIENT_SECRET: t-silent-test-1234/c-green-test-1234/billing-collector-cloudservices/exoscale-metrics-collector-managed/odoo-oauth-client-secret
type: Opaque
