apiVersion: v1
data: {}
kind: Secret
metadata:
  annotations: {}
  labels:
    name: credentials-cloudscale
  name: credentials-cloudscale
  namespace: appuio-cloud-reporting
stringData:
  CLOUDSCALE_API_TOKEN: t-silent-test-1234/c-green-test-1234/billing-collector-cloudservices/cloudscale-metrics-collector-cloud/token
  ODOO_OAUTH_CLIENT_ID: t-silent-test-1234/c-green-test-1234/billing-collector-cloudservices/cloudscale-metrics-collector-cloud/odoo-oauth-client-id
  ODOO_OAUTH_CLIENT_SECRET: t-silent-test-1234/c-green-test-1234/billing-collector-cloudservices/cloudscale-metrics-collector-cloud/odoo-oauth-client-secret
type: Opaque
