apiVersion: v1
kind: ServiceAccount
metadata:
  annotations: {}
  labels:
    name: cloudscale
  name: cloudscale
  namespace: appuio-cloud-reporting
