apiVersion: v1
data: {}
kind: Secret
metadata:
  annotations: {}
  labels:
    name: credentials-exoscale
  name: credentials-exoscale
  namespace: appuio-cloud-reporting
stringData:
  EXOSCALE_API_KEY: t-silent-test-1234/c-green-test-1234/billing-collector-cloudservices/collector-cloudscale-lpg-2/exoscale-key
  EXOSCALE_API_SECRET: t-silent-test-1234/c-green-test-1234/billing-collector-cloudservices/collector-cloudscale-lpg-2/exoscale-secret
type: Opaque
