apiVersion: v1
kind: ServiceAccount
metadata:
  annotations: {}
  labels:
    name: exoscale
  name: exoscale
  namespace: appuio-cloud-reporting
