apiVersion: v1
data: {}
kind: Secret
metadata:
  annotations: {}
  labels:
    name: credentials-collector-cloudscale-lpg-2
  name: credentials-collector-cloudscale-lpg-2
  namespace: appuio-cloud-reporting
stringData:
  EXOSCALE_API_KEY: t-silent-test-1234/c-green-test-1234/exoscale-metrics-collector/collector-cloudscale-lpg-2/exoscale-key
  EXOSCALE_API_SECRET: t-silent-test-1234/c-green-test-1234/exoscale-metrics-collector/collector-cloudscale-lpg-2/exoscale-secret
  KUBERNETES_SERVER_TOKEN: t-silent-test-1234/c-green-test-1234/exoscale-metrics-collector/collector-cloudscale-lpg-2/cluster-token
  KUBERNETES_SERVER_URL: t-silent-test-1234/c-green-test-1234/exoscale-metrics-collector/collector-cloudscale-lpg-2/cluster-server
type: Opaque
