apiVersion: v1
data: {}
kind: Secret
metadata:
  annotations: {}
  labels:
    name: credentials-billing-collector-cloudservices
  name: credentials-billing-collector-cloudservices
  namespace: appuio-cloud-reporting
stringData:
  EXOSCALE_API_KEY: t-silent-test-1234/c-green-test-1234/billing-collector-cloudservices/billing-collector-cloudservices/exoscale-key
  EXOSCALE_API_SECRET: t-silent-test-1234/c-green-test-1234/billing-collector-cloudservices/billing-collector-cloudservices/exoscale-secret
  KUBERNETES_SERVER_TOKEN: t-silent-test-1234/c-green-test-1234/billing-collector-cloudservices/billing-collector-cloudservices/cluster-token
  KUBERNETES_SERVER_URL: t-silent-test-1234/c-green-test-1234/billing-collector-cloudservices/billing-collector-cloudservices/cluster-server
type: Opaque
